<?xml version="1.0" encoding="UTF-8"?>
<testsuites name="Mocha Tests" time="0.008" tests="12" failures="0">
  <testsuite name="Root Suite" timestamp="2018-06-14T14:06:27" tests="0" failures="0" time="0">
  </testsuite>
  <testsuite name="generateMessage" timestamp="2018-06-14T14:06:27" tests="1" file="/Users/ksawme/Dev/nodejs/node-course-2-chat-app/server/utils/message.test.js" failures="0" time="0.003">
    <testcase name="generateMessage should generate the correct message object" time="0.003" classname="should generate the correct message object">
    </testcase>
  </testsuite>
  <testsuite name="generateLocationMessage" timestamp="2018-06-14T14:06:27" tests="1" file="/Users/ksawme/Dev/nodejs/node-course-2-chat-app/server/utils/message.test.js" failures="0" time="0">
    <testcase name="generateLocationMessage should generate correct location object" time="0" classname="should generate correct location object">
    </testcase>
  </testsuite>
  <testsuite name="Users" timestamp="2018-06-14T14:06:27" tests="7" file="/Users/ksawme/Dev/nodejs/node-course-2-chat-app/server/utils/users.test.js" failures="0" time="0.004">
    <testcase name="Users should add new user" time="0.003" classname="should add new user">
    </testcase>
    <testcase name="Users should remove a user" time="0" classname="should remove a user">
    </testcase>
    <testcase name="Users should not remove user" time="0.001" classname="should not remove user">
    </testcase>
    <testcase name="Users should find user" time="0" classname="should find user">
    </testcase>
    <testcase name="Users should not find user" time="0" classname="should not find user">
    </testcase>
    <testcase name="Users should return names for node course" time="0" classname="should return names for node course">
    </testcase>
    <testcase name="Users should return names for react course" time="0" classname="should return names for react course">
    </testcase>
  </testsuite>
  <testsuite name="isRealString" timestamp="2018-06-14T14:06:27" tests="3" file="/Users/ksawme/Dev/nodejs/node-course-2-chat-app/server/utils/validation.test.js" failures="0" time="0.001">
    <testcase name="isRealString should reject non-string value" time="0" classname="should reject non-string value">
    </testcase>
    <testcase name="isRealString should reject string with only spaces" time="0.001" classname="should reject string with only spaces">
    </testcase>
    <testcase name="isRealString should allow string with non-space characters" time="0" classname="should allow string with non-space characters">
    </testcase>
  </testsuite>
</testsuites>